# serializer version: 1
# name: test_typing
  list([
    dict({
      'message': '''
        No overloads for "function_decorator" match the provided arguments
          Argument types: (Literal[True])
      ''',
      'range': dict({
        'end': dict({
          'character': 47,
          'line': 15,
        }),
        'start': dict({
          'character': 9,
          'line': 15,
        }),
      }),
      'rule': 'reportCallIssue',
      'severity': 'error',
    }),
    dict({
      'message': '''
        Argument of type "Literal[2]" cannot be assigned to parameter "scope" of type "str" in function "__call__"
          "Literal[2]" is incompatible with "str"
      ''',
      'range': dict({
        'end': dict({
          'character': 22,
          'line': 36,
        }),
        'start': dict({
          'character': 21,
          'line': 36,
        }),
      }),
      'rule': 'reportArgumentType',
      'severity': 'error',
    }),
    dict({
      'message': '''
        Argument of type "Literal[2]" cannot be assigned to parameter "scope" of type "str" in function "__call__"
          "Literal[2]" is incompatible with "str"
      ''',
      'range': dict({
        'end': dict({
          'character': 34,
          'line': 52,
        }),
        'start': dict({
          'character': 33,
          'line': 52,
        }),
      }),
      'rule': 'reportArgumentType',
      'severity': 'error',
    }),
  ])
# ---
